[INFO] Scanning for projects...
[INFO] 
[INFO] -------------------< com.dentalclinic:dental-clinic >-------------------
[INFO] Building SWP391_G5_Dental_Clinic 0.0.1-SNAPSHOT
[INFO]   from pom.xml
[INFO] --------------------------------[ jar ]---------------------------------
[INFO] 
[INFO] --- clean:3.3.2:clean (default-clean) @ dental-clinic ---
[INFO] Deleting C:\Users\Admin\G5_DentalClinic\target
[INFO] 
[INFO] --- resources:3.3.1:resources (default-resources) @ dental-clinic ---
[INFO] Copying 1 resource from src\main\resources to target\classes
[INFO] Copying 108 resources from src\main\resources to target\classes
[INFO] 
[INFO] --- compiler:3.11.0:compile (default-compile) @ dental-clinic ---
[INFO] Changes detected - recompiling the module! :source
[INFO] Compiling 176 source files with javac [debug release 17] to target\classes
[INFO] /C:/Users/Admin/G5_DentalClinic/src/main/java/com/dentalclinic/config/SecurityConfig.java: C:\Users\Admin\G5_DentalClinic\src\main\java\com\dentalclinic\config\SecurityConfig.java uses or overrides a deprecated API.
[INFO] /C:/Users/Admin/G5_DentalClinic/src/main/java/com/dentalclinic/config/SecurityConfig.java: Recompile with -Xlint:deprecation for details.
[INFO] -------------------------------------------------------------
[ERROR] COMPILATION ERROR : 
[INFO] -------------------------------------------------------------
[ERROR] /C:/Users/Admin/G5_DentalClinic/src/main/java/com/dentalclinic/service/support/SupportService.java:[189,78] cannot find symbol
  symbol:   method getDisplayStatus()
  location: variable ticket of type com.dentalclinic.model.support.SupportTicket
[ERROR] /C:/Users/Admin/G5_DentalClinic/src/main/java/com/dentalclinic/service/support/SupportService.java:[461,56] cannot find symbol
  symbol:   method getDisplayStatus()
  location: variable ticket of type com.dentalclinic.model.support.SupportTicket
[ERROR] /C:/Users/Admin/G5_DentalClinic/src/main/java/com/dentalclinic/service/support/SupportService.java:[488,27] cannot find symbol
  symbol:   class ConversationEntry
  location: class com.dentalclinic.model.support.SupportTicket
[ERROR] /C:/Users/Admin/G5_DentalClinic/src/main/java/com/dentalclinic/service/support/SupportService.java:[489,48] cannot find symbol
  symbol:   class ConversationEntry
  location: class com.dentalclinic.model.support.SupportTicket
[ERROR] /C:/Users/Admin/G5_DentalClinic/src/main/java/com/dentalclinic/service/support/SupportService.java:[499,15] cannot find symbol
  symbol:   method setCustomerDisplayName(java.lang.String)
  location: variable ticket of type com.dentalclinic.model.support.SupportTicket
[ERROR] /C:/Users/Admin/G5_DentalClinic/src/main/java/com/dentalclinic/service/support/SupportService.java:[500,15] cannot find symbol
  symbol:   method setResponderDisplayName(java.lang.String)
  location: variable ticket of type com.dentalclinic.model.support.SupportTicket
[ERROR] /C:/Users/Admin/G5_DentalClinic/src/main/java/com/dentalclinic/service/support/SupportService.java:[501,15] cannot find symbol
  symbol:   method setLatestCustomerMessage(java.lang.String)
  location: variable ticket of type com.dentalclinic.model.support.SupportTicket
[ERROR] /C:/Users/Admin/G5_DentalClinic/src/main/java/com/dentalclinic/service/support/SupportService.java:[506,15] cannot find symbol
  symbol:   method setLatestStaffReply(java.lang.String)
  location: variable ticket of type com.dentalclinic.model.support.SupportTicket
[ERROR] /C:/Users/Admin/G5_DentalClinic/src/main/java/com/dentalclinic/service/support/SupportService.java:[511,15] cannot find symbol
  symbol:   method setDisplayStatus(isConversa[...]ame())
  location: variable ticket of type com.dentalclinic.model.support.SupportTicket
[ERROR] /C:/Users/Admin/G5_DentalClinic/src/main/java/com/dentalclinic/service/support/SupportService.java:[671,42] cannot find symbol
  symbol:   method getLatestCustomerMessage()
  location: variable ticket of type com.dentalclinic.model.support.SupportTicket
[ERROR] /C:/Users/Admin/G5_DentalClinic/src/main/java/com/dentalclinic/service/support/SupportService.java:[672,42] cannot find symbol
  symbol:   method getLatestStaffReply()
  location: variable ticket of type com.dentalclinic.model.support.SupportTicket
[ERROR] /C:/Users/Admin/G5_DentalClinic/src/main/java/com/dentalclinic/service/support/SupportService.java:[673,42] cannot find symbol
  symbol:   method getResponderDisplayName()
  location: variable ticket of type com.dentalclinic.model.support.SupportTicket
[ERROR] /C:/Users/Admin/G5_DentalClinic/src/main/java/com/dentalclinic/service/support/SupportService.java:[674,42] cannot find symbol
  symbol:   method getDisplayStatus()
  location: variable ticket of type com.dentalclinic.model.support.SupportTicket
[ERROR] /C:/Users/Admin/G5_DentalClinic/src/main/java/com/dentalclinic/service/customer/CustomerAppointmentService.java:[647,37] cannot find symbol
  symbol:   method findByCustomer_IdAndDateAndStatusOrderByCreatedAtDesc(java.lang.Long,java.time.LocalDate,com.dentalclinic.model.appointment.AppointmentStatus)
  location: variable appointmentRepository of type com.dentalclinic.repository.AppointmentRepository
[ERROR] /C:/Users/Admin/G5_DentalClinic/src/main/java/com/dentalclinic/service/customer/CustomerAppointmentService.java:[1017,17] cannot find symbol
  symbol:   method findByCustomer_User_IdAndDateAndStatusNotOrderByStartTimeAsc(java.lang.Long,java.time.LocalDate,com.dentalclinic.model.appointment.AppointmentStatus)
  location: variable appointmentRepository of type com.dentalclinic.repository.AppointmentRepository
[ERROR] /C:/Users/Admin/G5_DentalClinic/src/main/java/com/dentalclinic/service/scheduler/AppointmentCleanupTask.java:[30,62] cannot find symbol
  symbol:   method findAllByStatusAndCreatedAtBefore(com.dentalclinic.model.appointment.AppointmentStatus,java.time.LocalDateTime)
  location: variable appointmentRepository of type com.dentalclinic.repository.AppointmentRepository
[ERROR] /C:/Users/Admin/G5_DentalClinic/src/main/java/com/dentalclinic/service/dentist/ReexamService.java:[64,37] cannot find symbol
  symbol:   method findReexamByOriginalAppointmentId(java.lang.Long)
  location: variable appointmentRepository of type com.dentalclinic.repository.AppointmentRepository
[ERROR] /C:/Users/Admin/G5_DentalClinic/src/main/java/com/dentalclinic/service/dentist/ReexamService.java:[225,68] cannot find symbol
  symbol:   method findReexamByOriginalAppointmentId(java.lang.Long)
  location: variable appointmentRepository of type com.dentalclinic.repository.AppointmentRepository
[ERROR] /C:/Users/Admin/G5_DentalClinic/src/main/java/com/dentalclinic/service/dentist/ReexamService.java:[236,56] cannot find symbol
  symbol:   method updateReexamStatusToConfirmed(java.lang.Long)
  location: variable appointmentRepository of type com.dentalclinic.repository.AppointmentRepository
[ERROR] /C:/Users/Admin/G5_DentalClinic/src/main/java/com/dentalclinic/service/dentist/DentistSessionService.java:[233,50] cannot find symbol
  symbol:   method debugFindReexamByOriginalId(java.lang.Long)
  location: variable appointmentRepository of type com.dentalclinic.repository.AppointmentRepository
[ERROR] /C:/Users/Admin/G5_DentalClinic/src/main/java/com/dentalclinic/service/dentist/DentistSessionService.java:[240,50] cannot find symbol
  symbol:   method findReexamByOriginalAppointmentId(java.lang.Long)
  location: variable appointmentRepository of type com.dentalclinic.repository.AppointmentRepository
[ERROR] /C:/Users/Admin/G5_DentalClinic/src/main/java/com/dentalclinic/service/staff/StaffAppointmentService.java:[150,50] cannot find symbol
  symbol:   method debugFindReexamByOriginalId(java.lang.Long)
  location: variable appointmentRepository of type com.dentalclinic.repository.AppointmentRepository
[ERROR] /C:/Users/Admin/G5_DentalClinic/src/main/java/com/dentalclinic/service/staff/StaffAppointmentService.java:[157,50] cannot find symbol
  symbol:   method findReexamByOriginalAppointmentId(java.lang.Long)
  location: variable appointmentRepository of type com.dentalclinic.repository.AppointmentRepository
[INFO] 23 errors 
[INFO] -------------------------------------------------------------
[INFO] ------------------------------------------------------------------------
[INFO] BUILD FAILURE
[INFO] ------------------------------------------------------------------------
[INFO] Total time:  11.550 s
[INFO] Finished at: 2026-03-12T11:23:20+07:00
[INFO] ------------------------------------------------------------------------
[ERROR] Failed to execute goal org.apache.maven.plugins:maven-compiler-plugin:3.11.0:compile (default-compile) on project dental-clinic: Compilation failure: Compilation failure: 
[ERROR] /C:/Users/Admin/G5_DentalClinic/src/main/java/com/dentalclinic/service/support/SupportService.java:[189,78] cannot find symbol
[ERROR]   symbol:   method getDisplayStatus()
[ERROR]   location: variable ticket of type com.dentalclinic.model.support.SupportTicket
[ERROR] /C:/Users/Admin/G5_DentalClinic/src/main/java/com/dentalclinic/service/support/SupportService.java:[461,56] cannot find symbol
[ERROR]   symbol:   method getDisplayStatus()
[ERROR]   location: variable ticket of type com.dentalclinic.model.support.SupportTicket
[ERROR] /C:/Users/Admin/G5_DentalClinic/src/main/java/com/dentalclinic/service/support/SupportService.java:[488,27] cannot find symbol
[ERROR]   symbol:   class ConversationEntry
[ERROR]   location: class com.dentalclinic.model.support.SupportTicket
[ERROR] /C:/Users/Admin/G5_DentalClinic/src/main/java/com/dentalclinic/service/support/SupportService.java:[489,48] cannot find symbol
[ERROR]   symbol:   class ConversationEntry
[ERROR]   location: class com.dentalclinic.model.support.SupportTicket
[ERROR] /C:/Users/Admin/G5_DentalClinic/src/main/java/com/dentalclinic/service/support/SupportService.java:[499,15] cannot find symbol
[ERROR]   symbol:   method setCustomerDisplayName(java.lang.String)
[ERROR]   location: variable ticket of type com.dentalclinic.model.support.SupportTicket
[ERROR] /C:/Users/Admin/G5_DentalClinic/src/main/java/com/dentalclinic/service/support/SupportService.java:[500,15] cannot find symbol
[ERROR]   symbol:   method setResponderDisplayName(java.lang.String)
[ERROR]   location: variable ticket of type com.dentalclinic.model.support.SupportTicket
[ERROR] /C:/Users/Admin/G5_DentalClinic/src/main/java/com/dentalclinic/service/support/SupportService.java:[501,15] cannot find symbol
[ERROR]   symbol:   method setLatestCustomerMessage(java.lang.String)
[ERROR]   location: variable ticket of type com.dentalclinic.model.support.SupportTicket
[ERROR] /C:/Users/Admin/G5_DentalClinic/src/main/java/com/dentalclinic/service/support/SupportService.java:[506,15] cannot find symbol
[ERROR]   symbol:   method setLatestStaffReply(java.lang.String)
[ERROR]   location: variable ticket of type com.dentalclinic.model.support.SupportTicket
[ERROR] /C:/Users/Admin/G5_DentalClinic/src/main/java/com/dentalclinic/service/support/SupportService.java:[511,15] cannot find symbol
[ERROR]   symbol:   method setDisplayStatus(isConversa[...]ame())
[ERROR]   location: variable ticket of type com.dentalclinic.model.support.SupportTicket
[ERROR] /C:/Users/Admin/G5_DentalClinic/src/main/java/com/dentalclinic/service/support/SupportService.java:[671,42] cannot find symbol
[ERROR]   symbol:   method getLatestCustomerMessage()
[ERROR]   location: variable ticket of type com.dentalclinic.model.support.SupportTicket
[ERROR] /C:/Users/Admin/G5_DentalClinic/src/main/java/com/dentalclinic/service/support/SupportService.java:[672,42] cannot find symbol
[ERROR]   symbol:   method getLatestStaffReply()
[ERROR]   location: variable ticket of type com.dentalclinic.model.support.SupportTicket
[ERROR] /C:/Users/Admin/G5_DentalClinic/src/main/java/com/dentalclinic/service/support/SupportService.java:[673,42] cannot find symbol
[ERROR]   symbol:   method getResponderDisplayName()
[ERROR]   location: variable ticket of type com.dentalclinic.model.support.SupportTicket
[ERROR] /C:/Users/Admin/G5_DentalClinic/src/main/java/com/dentalclinic/service/support/SupportService.java:[674,42] cannot find symbol
[ERROR]   symbol:   method getDisplayStatus()
[ERROR]   location: variable ticket of type com.dentalclinic.model.support.SupportTicket
[ERROR] /C:/Users/Admin/G5_DentalClinic/src/main/java/com/dentalclinic/service/customer/CustomerAppointmentService.java:[647,37] cannot find symbol
[ERROR]   symbol:   method findByCustomer_IdAndDateAndStatusOrderByCreatedAtDesc(java.lang.Long,java.time.LocalDate,com.dentalclinic.model.appointment.AppointmentStatus)
[ERROR]   location: variable appointmentRepository of type com.dentalclinic.repository.AppointmentRepository
[ERROR] /C:/Users/Admin/G5_DentalClinic/src/main/java/com/dentalclinic/service/customer/CustomerAppointmentService.java:[1017,17] cannot find symbol
[ERROR]   symbol:   method findByCustomer_User_IdAndDateAndStatusNotOrderByStartTimeAsc(java.lang.Long,java.time.LocalDate,com.dentalclinic.model.appointment.AppointmentStatus)
[ERROR]   location: variable appointmentRepository of type com.dentalclinic.repository.AppointmentRepository
[ERROR] /C:/Users/Admin/G5_DentalClinic/src/main/java/com/dentalclinic/service/scheduler/AppointmentCleanupTask.java:[30,62] cannot find symbol
[ERROR]   symbol:   method findAllByStatusAndCreatedAtBefore(com.dentalclinic.model.appointment.AppointmentStatus,java.time.LocalDateTime)
[ERROR]   location: variable appointmentRepository of type com.dentalclinic.repository.AppointmentRepository
[ERROR] /C:/Users/Admin/G5_DentalClinic/src/main/java/com/dentalclinic/service/dentist/ReexamService.java:[64,37] cannot find symbol
[ERROR]   symbol:   method findReexamByOriginalAppointmentId(java.lang.Long)
[ERROR]   location: variable appointmentRepository of type com.dentalclinic.repository.AppointmentRepository
[ERROR] /C:/Users/Admin/G5_DentalClinic/src/main/java/com/dentalclinic/service/dentist/ReexamService.java:[225,68] cannot find symbol
[ERROR]   symbol:   method findReexamByOriginalAppointmentId(java.lang.Long)
[ERROR]   location: variable appointmentRepository of type com.dentalclinic.repository.AppointmentRepository
[ERROR] /C:/Users/Admin/G5_DentalClinic/src/main/java/com/dentalclinic/service/dentist/ReexamService.java:[236,56] cannot find symbol
[ERROR]   symbol:   method updateReexamStatusToConfirmed(java.lang.Long)
[ERROR]   location: variable appointmentRepository of type com.dentalclinic.repository.AppointmentRepository
[ERROR] /C:/Users/Admin/G5_DentalClinic/src/main/java/com/dentalclinic/service/dentist/DentistSessionService.java:[233,50] cannot find symbol
[ERROR]   symbol:   method debugFindReexamByOriginalId(java.lang.Long)
[ERROR]   location: variable appointmentRepository of type com.dentalclinic.repository.AppointmentRepository
[ERROR] /C:/Users/Admin/G5_DentalClinic/src/main/java/com/dentalclinic/service/dentist/DentistSessionService.java:[240,50] cannot find symbol
[ERROR]   symbol:   method findReexamByOriginalAppointmentId(java.lang.Long)
[ERROR]   location: variable appointmentRepository of type com.dentalclinic.repository.AppointmentRepository
[ERROR] /C:/Users/Admin/G5_DentalClinic/src/main/java/com/dentalclinic/service/staff/StaffAppointmentService.java:[150,50] cannot find symbol
[ERROR]   symbol:   method debugFindReexamByOriginalId(java.lang.Long)
[ERROR]   location: variable appointmentRepository of type com.dentalclinic.repository.AppointmentRepository
[ERROR] /C:/Users/Admin/G5_DentalClinic/src/main/java/com/dentalclinic/service/staff/StaffAppointmentService.java:[157,50] cannot find symbol
[ERROR]   symbol:   method findReexamByOriginalAppointmentId(java.lang.Long)
[ERROR]   location: variable appointmentRepository of type com.dentalclinic.repository.AppointmentRepository
[ERROR] -> [Help 1]
[ERROR] 
[ERROR] To see the full stack trace of the errors, re-run Maven with the -e switch.
[ERROR] Re-run Maven using the -X switch to enable full debug logging.
[ERROR] 
[ERROR] For more information about the errors and possible solutions, please read the following articles:
[ERROR] [Help 1] http://cwiki.apache.org/confluence/display/MAVEN/MojoFailureException
